com/github/f1xman/statefun/tsukuyomi/core/capture/Envelope.class
com/github/f1xman/statefun/tsukuyomi/core/validation/TsukuyomiManagerImpl.class
com/github/f1xman/statefun/tsukuyomi/core/dispatcher/DispatcherClient.class
com/github/f1xman/statefun/tsukuyomi/core/validation/ThenImpl.class
com/github/f1xman/statefun/tsukuyomi/core/validation/Target.class
com/github/f1xman/statefun/tsukuyomi/dsl/BddTsukuyomi.class
com/github/f1xman/statefun/tsukuyomi/core/validation/Target$Type.class
com/github/f1xman/statefun/tsukuyomi/core/validation/TsukuyomiApi.class
com/github/f1xman/statefun/tsukuyomi/core/validation/DefinitionOfReady.class
com/github/f1xman/statefun/tsukuyomi/dsl/Expectations.class
com/github/f1xman/statefun/tsukuyomi/core/validation/ExpectMessage.class
com/github/f1xman/statefun/tsukuyomi/core/capture/ManagedStateFunctionWrapper.class
com/github/f1xman/statefun/tsukuyomi/core/capture/StateSetterImpl.class
com/github/f1xman/statefun/tsukuyomi/core/validation/ExpectState.class
com/github/f1xman/statefun/tsukuyomi/core/capture/Egresses.class
com/github/f1xman/statefun/tsukuyomi/core/capture/Envelope$EnvelopeBuilder.class
com/github/f1xman/statefun/tsukuyomi/core/dispatcher/DispatcherBasedTsukuyomi.class
com/github/f1xman/statefun/tsukuyomi/core/validation/TypedFunctionImpl.class
com/github/f1xman/statefun/tsukuyomi/core/capture/NextInvocationsInterceptor.class
com/github/f1xman/statefun/tsukuyomi/core/validation/ChangeMatcher.class
com/github/f1xman/statefun/tsukuyomi/core/capture/StateValue.class
com/github/f1xman/statefun/tsukuyomi/core/validation/DefinitionOfReady$Waiter.class
com/github/f1xman/statefun/tsukuyomi/util/SerDe.class
com/github/f1xman/statefun/tsukuyomi/core/validation/Interactor.class
com/github/f1xman/statefun/tsukuyomi/core/capture/ModuleDefinition$FunctionDefinition$FunctionDefinitionBuilder.class
com/github/f1xman/statefun/tsukuyomi/core/capture/StateSetter.class
com/github/f1xman/statefun/tsukuyomi/core/dispatcher/DispatcherContainer.class
com/github/f1xman/statefun/tsukuyomi/core/validation/SendMessageInteractor.class
com/github/f1xman/statefun/tsukuyomi/core/capture/Envelope$NodeAddress.class
com/github/f1xman/statefun/tsukuyomi/core/capture/Envelope$Data.class
com/github/f1xman/statefun/tsukuyomi/core/validation/Then.class
com/github/f1xman/statefun/tsukuyomi/core/capture/ModuleServer$UndertowHttpHandler.class
com/github/f1xman/statefun/tsukuyomi/core/capture/ModuleServer$HandlerSupplier.class
com/github/f1xman/statefun/tsukuyomi/core/validation/TsukuyomiManager.class
com/github/f1xman/statefun/tsukuyomi/core/validation/TypedFunction.class
com/github/f1xman/statefun/tsukuyomi/core/capture/ManagedStateAccessor.class
com/github/f1xman/statefun/tsukuyomi/core/validation/GivenFunctionImpl.class
com/github/f1xman/statefun/tsukuyomi/core/capture/ModuleDefinition.class
com/github/f1xman/statefun/tsukuyomi/core/dispatcher/SocketDispatcherClient.class
com/github/f1xman/statefun/tsukuyomi/core/dispatcher/DispatcherImageName.class
com/github/f1xman/statefun/tsukuyomi/core/capture/ModuleDefinition$FunctionDefinition.class
com/github/f1xman/statefun/tsukuyomi/core/validation/GivenFunction.class
com/github/f1xman/statefun/tsukuyomi/core/capture/MessageCaptureFunction.class
com/github/f1xman/statefun/tsukuyomi/core/capture/ModuleDefinition$ModuleDefinitionBuilder.class
com/github/f1xman/statefun/tsukuyomi/core/capture/ModuleServer.class
com/github/f1xman/statefun/tsukuyomi/core/dispatcher/DispatcherContainer$DispatcherContainerBuilder.class
