/Users/f1xxman/Intellias/Documents/Technology Office/SF test utility/statefun-tsukuyomi/statefun-tsukuyomi/src/main/java/com/github/f1xman/statefun/tsukuyomi/core/validation/GivenFunction.java
/Users/f1xxman/Intellias/Documents/Technology Office/SF test utility/statefun-tsukuyomi/statefun-tsukuyomi/src/main/java/com/github/f1xman/statefun/tsukuyomi/core/capture/NextInvocationsInterceptor.java
/Users/f1xxman/Intellias/Documents/Technology Office/SF test utility/statefun-tsukuyomi/statefun-tsukuyomi/src/main/java/com/github/f1xman/statefun/tsukuyomi/core/validation/TsukuyomiApi.java
/Users/f1xxman/Intellias/Documents/Technology Office/SF test utility/statefun-tsukuyomi/statefun-tsukuyomi/src/main/java/com/github/f1xman/statefun/tsukuyomi/core/validation/ThenImpl.java
/Users/f1xxman/Intellias/Documents/Technology Office/SF test utility/statefun-tsukuyomi/statefun-tsukuyomi/src/main/java/com/github/f1xman/statefun/tsukuyomi/core/validation/TsukuyomiManager.java
/Users/f1xxman/Intellias/Documents/Technology Office/SF test utility/statefun-tsukuyomi/statefun-tsukuyomi/src/main/java/com/github/f1xman/statefun/tsukuyomi/core/capture/ManagedStateAccessor.java
/Users/f1xxman/Intellias/Documents/Technology Office/SF test utility/statefun-tsukuyomi/statefun-tsukuyomi/src/main/java/com/github/f1xman/statefun/tsukuyomi/core/validation/TypedFunctionImpl.java
/Users/f1xxman/Intellias/Documents/Technology Office/SF test utility/statefun-tsukuyomi/statefun-tsukuyomi/src/main/java/com/github/f1xman/statefun/tsukuyomi/core/capture/ModuleServer.java
/Users/f1xxman/Intellias/Documents/Technology Office/SF test utility/statefun-tsukuyomi/statefun-tsukuyomi/src/main/java/com/github/f1xman/statefun/tsukuyomi/util/SerDe.java
/Users/f1xxman/Intellias/Documents/Technology Office/SF test utility/statefun-tsukuyomi/statefun-tsukuyomi/src/main/java/com/github/f1xman/statefun/tsukuyomi/core/validation/Interactor.java
/Users/f1xxman/Intellias/Documents/Technology Office/SF test utility/statefun-tsukuyomi/statefun-tsukuyomi/src/main/java/com/github/f1xman/statefun/tsukuyomi/core/validation/Target.java
/Users/f1xxman/Intellias/Documents/Technology Office/SF test utility/statefun-tsukuyomi/statefun-tsukuyomi/src/main/java/com/github/f1xman/statefun/tsukuyomi/dsl/Expectations.java
/Users/f1xxman/Intellias/Documents/Technology Office/SF test utility/statefun-tsukuyomi/statefun-tsukuyomi/src/main/java/com/github/f1xman/statefun/tsukuyomi/core/dispatcher/DispatcherBasedTsukuyomi.java
/Users/f1xxman/Intellias/Documents/Technology Office/SF test utility/statefun-tsukuyomi/statefun-tsukuyomi/src/main/java/com/github/f1xman/statefun/tsukuyomi/core/dispatcher/DispatcherImageName.java
/Users/f1xxman/Intellias/Documents/Technology Office/SF test utility/statefun-tsukuyomi/statefun-tsukuyomi/src/main/java/com/github/f1xman/statefun/tsukuyomi/core/validation/TypedFunction.java
/Users/f1xxman/Intellias/Documents/Technology Office/SF test utility/statefun-tsukuyomi/statefun-tsukuyomi/src/main/java/com/github/f1xman/statefun/tsukuyomi/core/capture/StateValue.java
/Users/f1xxman/Intellias/Documents/Technology Office/SF test utility/statefun-tsukuyomi/statefun-tsukuyomi/src/main/java/com/github/f1xman/statefun/tsukuyomi/core/validation/GivenFunctionImpl.java
/Users/f1xxman/Intellias/Documents/Technology Office/SF test utility/statefun-tsukuyomi/statefun-tsukuyomi/src/main/java/com/github/f1xman/statefun/tsukuyomi/core/capture/StateSetter.java
/Users/f1xxman/Intellias/Documents/Technology Office/SF test utility/statefun-tsukuyomi/statefun-tsukuyomi/src/main/java/com/github/f1xman/statefun/tsukuyomi/core/capture/ModuleDefinition.java
/Users/f1xxman/Intellias/Documents/Technology Office/SF test utility/statefun-tsukuyomi/statefun-tsukuyomi/src/main/java/com/github/f1xman/statefun/tsukuyomi/core/capture/MessageCaptureFunction.java
/Users/f1xxman/Intellias/Documents/Technology Office/SF test utility/statefun-tsukuyomi/statefun-tsukuyomi/src/main/java/com/github/f1xman/statefun/tsukuyomi/dsl/BddTsukuyomi.java
/Users/f1xxman/Intellias/Documents/Technology Office/SF test utility/statefun-tsukuyomi/statefun-tsukuyomi/src/main/java/com/github/f1xman/statefun/tsukuyomi/core/validation/SendMessageInteractor.java
/Users/f1xxman/Intellias/Documents/Technology Office/SF test utility/statefun-tsukuyomi/statefun-tsukuyomi/src/main/java/com/github/f1xman/statefun/tsukuyomi/core/validation/DefinitionOfReady.java
/Users/f1xxman/Intellias/Documents/Technology Office/SF test utility/statefun-tsukuyomi/statefun-tsukuyomi/src/main/java/com/github/f1xman/statefun/tsukuyomi/core/validation/TsukuyomiManagerImpl.java
/Users/f1xxman/Intellias/Documents/Technology Office/SF test utility/statefun-tsukuyomi/statefun-tsukuyomi/src/main/java/com/github/f1xman/statefun/tsukuyomi/core/capture/StateSetterImpl.java
/Users/f1xxman/Intellias/Documents/Technology Office/SF test utility/statefun-tsukuyomi/statefun-tsukuyomi/src/main/java/com/github/f1xman/statefun/tsukuyomi/core/validation/ExpectMessage.java
/Users/f1xxman/Intellias/Documents/Technology Office/SF test utility/statefun-tsukuyomi/statefun-tsukuyomi/src/main/java/com/github/f1xman/statefun/tsukuyomi/core/validation/ChangeMatcher.java
/Users/f1xxman/Intellias/Documents/Technology Office/SF test utility/statefun-tsukuyomi/statefun-tsukuyomi/src/main/java/com/github/f1xman/statefun/tsukuyomi/core/capture/Egresses.java
/Users/f1xxman/Intellias/Documents/Technology Office/SF test utility/statefun-tsukuyomi/statefun-tsukuyomi/src/main/java/com/github/f1xman/statefun/tsukuyomi/core/validation/ExpectState.java
/Users/f1xxman/Intellias/Documents/Technology Office/SF test utility/statefun-tsukuyomi/statefun-tsukuyomi/src/main/java/com/github/f1xman/statefun/tsukuyomi/core/capture/Envelope.java
/Users/f1xxman/Intellias/Documents/Technology Office/SF test utility/statefun-tsukuyomi/statefun-tsukuyomi/src/main/java/com/github/f1xman/statefun/tsukuyomi/core/validation/Then.java
/Users/f1xxman/Intellias/Documents/Technology Office/SF test utility/statefun-tsukuyomi/statefun-tsukuyomi/src/main/java/com/github/f1xman/statefun/tsukuyomi/core/capture/ManagedStateFunctionWrapper.java
/Users/f1xxman/Intellias/Documents/Technology Office/SF test utility/statefun-tsukuyomi/statefun-tsukuyomi/src/main/java/com/github/f1xman/statefun/tsukuyomi/core/dispatcher/SocketDispatcherClient.java
/Users/f1xxman/Intellias/Documents/Technology Office/SF test utility/statefun-tsukuyomi/statefun-tsukuyomi/src/main/java/com/github/f1xman/statefun/tsukuyomi/core/dispatcher/DispatcherClient.java
/Users/f1xxman/Intellias/Documents/Technology Office/SF test utility/statefun-tsukuyomi/statefun-tsukuyomi/src/main/java/com/github/f1xman/statefun/tsukuyomi/core/dispatcher/DispatcherContainer.java
