com/github/f1xman/statefun/tsukuyomi/core/validation/ExpectMessageTest.class
com/github/f1xman/statefun/tsukuyomi/core/validation/GivenFunctionImplTest$FooBar.class
com/github/f1xman/statefun/tsukuyomi/core/validation/GivenFunctionImplTest.class
com/github/f1xman/statefun/tsukuyomi/core/TsukuyomiManagerImplTest$Testee.class
com/github/f1xman/statefun/tsukuyomi/util/SerDeTest.class
com/github/f1xman/statefun/tsukuyomi/core/dispatcher/DispatcherBasedTsukuyomiTest.class
com/github/f1xman/statefun/tsukuyomi/core/capture/NextInvocationsInterceptorTest.class
com/github/f1xman/statefun/tsukuyomi/core/TsukuyomiManagerImplTest.class
com/github/f1xman/statefun/tsukuyomi/core/validation/DefinitionOfReadyTest.class
com/github/f1xman/statefun/tsukuyomi/core/dispatcher/SocketDispatcherClientTest$AssertableSocket.class
com/github/f1xman/statefun/tsukuyomi/core/capture/ModuleDefinitionTest.class
com/github/f1xman/statefun/tsukuyomi/core/capture/MessageCaptureFunctionTest$Greeting.class
com/github/f1xman/statefun/tsukuyomi/core/capture/ModuleDefinitionTest$FunctionUnderTest.class
com/github/f1xman/statefun/tsukuyomi/dsl/BddTsukuyomiTest$Testee.class
com/github/f1xman/statefun/tsukuyomi/core/capture/EnvelopeTest.class
com/github/f1xman/statefun/tsukuyomi/util/SerDeTest$Foo.class
com/github/f1xman/statefun/tsukuyomi/core/capture/StateSetterImplTest.class
com/github/f1xman/statefun/tsukuyomi/core/dispatcher/SocketDispatcherClientTest.class
com/github/f1xman/statefun/tsukuyomi/testutil/IntegrationTest.class
com/github/f1xman/statefun/tsukuyomi/core/validation/ExpectStateTest.class
com/github/f1xman/statefun/tsukuyomi/core/validation/ThenImplTest.class
com/github/f1xman/statefun/tsukuyomi/dsl/BddTsukuyomiTest.class
com/github/f1xman/statefun/tsukuyomi/core/capture/ManagedStateFunctionWrapperTest.class
com/github/f1xman/statefun/tsukuyomi/core/capture/MessageCaptureFunctionTest.class
com/github/f1xman/statefun/tsukuyomi/core/validation/SendMessageInteractorTest.class
