/Users/f1xxman/Intellias/Documents/Technology Office/SF test utility/statefun-tsukuyomi/statefun-tsukuyomi/src/test/java/com/github/f1xman/statefun/tsukuyomi/core/dispatcher/DispatcherBasedTsukuyomiTest.java
/Users/f1xxman/Intellias/Documents/Technology Office/SF test utility/statefun-tsukuyomi/statefun-tsukuyomi/src/test/java/com/github/f1xman/statefun/tsukuyomi/core/validation/GivenFunctionImplTest.java
/Users/f1xxman/Intellias/Documents/Technology Office/SF test utility/statefun-tsukuyomi/statefun-tsukuyomi/src/test/java/com/github/f1xman/statefun/tsukuyomi/core/capture/ManagedStateFunctionWrapperTest.java
/Users/f1xxman/Intellias/Documents/Technology Office/SF test utility/statefun-tsukuyomi/statefun-tsukuyomi/src/test/java/com/github/f1xman/statefun/tsukuyomi/core/capture/EnvelopeTest.java
/Users/f1xxman/Intellias/Documents/Technology Office/SF test utility/statefun-tsukuyomi/statefun-tsukuyomi/src/test/java/com/github/f1xman/statefun/tsukuyomi/core/dispatcher/SocketDispatcherClientTest.java
/Users/f1xxman/Intellias/Documents/Technology Office/SF test utility/statefun-tsukuyomi/statefun-tsukuyomi/src/test/java/com/github/f1xman/statefun/tsukuyomi/core/validation/SendMessageInteractorTest.java
/Users/f1xxman/Intellias/Documents/Technology Office/SF test utility/statefun-tsukuyomi/statefun-tsukuyomi/src/test/java/com/github/f1xman/statefun/tsukuyomi/util/SerDeTest.java
/Users/f1xxman/Intellias/Documents/Technology Office/SF test utility/statefun-tsukuyomi/statefun-tsukuyomi/src/test/java/com/github/f1xman/statefun/tsukuyomi/core/capture/MessageCaptureFunctionTest.java
/Users/f1xxman/Intellias/Documents/Technology Office/SF test utility/statefun-tsukuyomi/statefun-tsukuyomi/src/test/java/com/github/f1xman/statefun/tsukuyomi/core/capture/ModuleDefinitionTest.java
/Users/f1xxman/Intellias/Documents/Technology Office/SF test utility/statefun-tsukuyomi/statefun-tsukuyomi/src/test/java/com/github/f1xman/statefun/tsukuyomi/core/capture/StateSetterImplTest.java
/Users/f1xxman/Intellias/Documents/Technology Office/SF test utility/statefun-tsukuyomi/statefun-tsukuyomi/src/test/java/com/github/f1xman/statefun/tsukuyomi/core/capture/NextInvocationsInterceptorTest.java
/Users/f1xxman/Intellias/Documents/Technology Office/SF test utility/statefun-tsukuyomi/statefun-tsukuyomi/src/test/java/com/github/f1xman/statefun/tsukuyomi/core/validation/ExpectMessageTest.java
/Users/f1xxman/Intellias/Documents/Technology Office/SF test utility/statefun-tsukuyomi/statefun-tsukuyomi/src/test/java/com/github/f1xman/statefun/tsukuyomi/core/validation/ThenImplTest.java
/Users/f1xxman/Intellias/Documents/Technology Office/SF test utility/statefun-tsukuyomi/statefun-tsukuyomi/src/test/java/com/github/f1xman/statefun/tsukuyomi/core/validation/DefinitionOfReadyTest.java
/Users/f1xxman/Intellias/Documents/Technology Office/SF test utility/statefun-tsukuyomi/statefun-tsukuyomi/src/test/java/com/github/f1xman/statefun/tsukuyomi/dsl/BddTsukuyomiTest.java
/Users/f1xxman/Intellias/Documents/Technology Office/SF test utility/statefun-tsukuyomi/statefun-tsukuyomi/src/test/java/com/github/f1xman/statefun/tsukuyomi/core/validation/ExpectStateTest.java
/Users/f1xxman/Intellias/Documents/Technology Office/SF test utility/statefun-tsukuyomi/statefun-tsukuyomi/src/test/java/com/github/f1xman/statefun/tsukuyomi/core/TsukuyomiManagerImplTest.java
/Users/f1xxman/Intellias/Documents/Technology Office/SF test utility/statefun-tsukuyomi/statefun-tsukuyomi/src/test/java/com/github/f1xman/statefun/tsukuyomi/testutil/IntegrationTest.java
